{
  "name": "axios-client",
  "version": "1.0.0",
  "description": "",
  "main": "out/simple.js",
  "types": "out/simple.d.ts",
  "scripts": {
    "build": "tsc",
    "start": "tsc && node out/simple.js",
    "test": "echo \"Error: no test specified\" && exit 1"
  },
  "author": "",
  "license": "ISC",
  "dependencies": {
    "axios": "^0.21.1",
    "tslib": "^1.10.0",
    "@js-joda/core": "^2.0.0",
    "oas-gen-support": "file:../../../npm-libs/oas-gen-support"
  }
}
